Archive member included because of file (symbol)

C:\Users\jdubovsky\Documents\LPCXpresso_7.9.2_493\workspace\nxp_lpcxpresso_11c24_board_lib\Debug\libnxp_lpcxpresso_11c24_board_lib.a(board.o)
                              ./src/blinky.o (Board_LED_Set)
C:\Users\jdubovsky\Documents\LPCXpresso_7.9.2_493\workspace\nxp_lpcxpresso_11c24_board_lib\Debug\libnxp_lpcxpresso_11c24_board_lib.a(board_sysinit.o)
                              ./src/sysinit.o (Board_SystemInit)
C:\Users\jdubovsky\Documents\LPCXpresso_7.9.2_493\workspace\lpc_chip_11cxx_lib\Debug\liblpc_chip_11cxx_lib.a(adc_11xx.o)
                              ./src/adc.o (Chip_ADC_Init)
C:\Users\jdubovsky\Documents\LPCXpresso_7.9.2_493\workspace\lpc_chip_11cxx_lib\Debug\liblpc_chip_11cxx_lib.a(chip_11xx.o)
                              ./freertos/src/port.o (SystemCoreClock)
C:\Users\jdubovsky\Documents\LPCXpresso_7.9.2_493\workspace\lpc_chip_11cxx_lib\Debug\liblpc_chip_11cxx_lib.a(clock_11xx.o)
                              C:\Users\jdubovsky\Documents\LPCXpresso_7.9.2_493\workspace\nxp_lpcxpresso_11c24_board_lib\Debug\libnxp_lpcxpresso_11c24_board_lib.a(board_sysinit.o) (Chip_Clock_SetSystemPLLSource)
C:\Users\jdubovsky\Documents\LPCXpresso_7.9.2_493\workspace\lpc_chip_11cxx_lib\Debug\liblpc_chip_11cxx_lib.a(gpio_11xx_2.o)
                              C:\Users\jdubovsky\Documents\LPCXpresso_7.9.2_493\workspace\nxp_lpcxpresso_11c24_board_lib\Debug\libnxp_lpcxpresso_11c24_board_lib.a(board.o) (Chip_GPIO_Init)
C:\Users\jdubovsky\Documents\LPCXpresso_7.9.2_493\workspace\lpc_chip_11cxx_lib\Debug\liblpc_chip_11cxx_lib.a(sysctl_11xx.o)
                              C:\Users\jdubovsky\Documents\LPCXpresso_7.9.2_493\workspace\nxp_lpcxpresso_11c24_board_lib\Debug\libnxp_lpcxpresso_11c24_board_lib.a(board_sysinit.o) (Chip_SYSCTL_PowerDown)
C:\Users\jdubovsky\Documents\LPCXpresso_7.9.2_493\workspace\lpc_chip_11cxx_lib\Debug\liblpc_chip_11cxx_lib.a(uart_11xx.o)
                              C:\Users\jdubovsky\Documents\LPCXpresso_7.9.2_493\workspace\nxp_lpcxpresso_11c24_board_lib\Debug\libnxp_lpcxpresso_11c24_board_lib.a(board.o) (Chip_UART_Init)
C:\Users\jdubovsky\Documents\LPCXpresso_7.9.2_493\workspace\lpc_chip_11cxx_lib\Debug\liblpc_chip_11cxx_lib.a(ring_buffer.o)
                              C:\Users\jdubovsky\Documents\LPCXpresso_7.9.2_493\workspace\lpc_chip_11cxx_lib\Debug\liblpc_chip_11cxx_lib.a(uart_11xx.o) (RingBuffer_Insert)
c:/nxp/lpcxpresso_7.9.2_493/lpcxpresso/tools/bin/../lib/gcc/arm-none-eabi/4.9.3/armv6-m\libgcc.a(_udivsi3.o)
                              ./src/camera.o (__aeabi_uidiv)
c:/nxp/lpcxpresso_7.9.2_493/lpcxpresso/tools/bin/../lib/gcc/arm-none-eabi/4.9.3/armv6-m\libgcc.a(_dvmd_tls.o)
                              c:/nxp/lpcxpresso_7.9.2_493/lpcxpresso/tools/bin/../lib/gcc/arm-none-eabi/4.9.3/armv6-m\libgcc.a(_udivsi3.o) (__aeabi_idiv0)
c:/nxp/lpcxpresso_7.9.2_493/lpcxpresso/tools/bin/../lib/gcc/arm-none-eabi/4.9.3/../../../../arm-none-eabi/lib/armv6-m\libc.a(lib_a-init.o)
                              ./src/cr_startup_lpc11xx.o (__libc_init_array)
c:/nxp/lpcxpresso_7.9.2_493/lpcxpresso/tools/bin/../lib/gcc/arm-none-eabi/4.9.3/../../../../arm-none-eabi/lib/armv6-m\libc.a(lib_a-malloc.o)
                              ./src/cr_cpp_config.o (malloc)
c:/nxp/lpcxpresso_7.9.2_493/lpcxpresso/tools/bin/../lib/gcc/arm-none-eabi/4.9.3/../../../../arm-none-eabi/lib/armv6-m\libc.a(lib_a-mallocr.o)
                              c:/nxp/lpcxpresso_7.9.2_493/lpcxpresso/tools/bin/../lib/gcc/arm-none-eabi/4.9.3/../../../../arm-none-eabi/lib/armv6-m\libc.a(lib_a-malloc.o) (_malloc_r)
c:/nxp/lpcxpresso_7.9.2_493/lpcxpresso/tools/bin/../lib/gcc/arm-none-eabi/4.9.3/../../../../arm-none-eabi/lib/armv6-m\libc.a(lib_a-memcpy.o)
                              ./freertos/src/queue.o (memcpy)
c:/nxp/lpcxpresso_7.9.2_493/lpcxpresso/tools/bin/../lib/gcc/arm-none-eabi/4.9.3/../../../../arm-none-eabi/lib/armv6-m\libc.a(lib_a-memset.o)
                              ./freertos/src/tasks.o (memset)
c:/nxp/lpcxpresso_7.9.2_493/lpcxpresso/tools/bin/../lib/gcc/arm-none-eabi/4.9.3/../../../../arm-none-eabi/lib/armv6-m\libc.a(lib_a-mlock.o)
                              c:/nxp/lpcxpresso_7.9.2_493/lpcxpresso/tools/bin/../lib/gcc/arm-none-eabi/4.9.3/../../../../arm-none-eabi/lib/armv6-m\libc.a(lib_a-mallocr.o) (__malloc_lock)
c:/nxp/lpcxpresso_7.9.2_493/lpcxpresso/tools/bin/../lib/gcc/arm-none-eabi/4.9.3/../../../../arm-none-eabi/lib/armv6-m\libc.a(lib_a-sbrkr.o)
                              c:/nxp/lpcxpresso_7.9.2_493/lpcxpresso/tools/bin/../lib/gcc/arm-none-eabi/4.9.3/../../../../arm-none-eabi/lib/armv6-m\libc.a(lib_a-mallocr.o) (_sbrk_r)
c:/nxp/lpcxpresso_7.9.2_493/lpcxpresso/tools/bin/../lib/gcc/arm-none-eabi/4.9.3/../../../../arm-none-eabi/lib/armv6-m\libc.a(lib_a-freer.o)
                              c:/nxp/lpcxpresso_7.9.2_493/lpcxpresso/tools/bin/../lib/gcc/arm-none-eabi/4.9.3/../../../../arm-none-eabi/lib/armv6-m\libc.a(lib_a-malloc.o) (_free_r)
[...]
Memory Configuration

Name             Origin             Length             Attributes
MFlash32         0x00000000         0x00008000         xr
RamLoc8          0x10000000         0x00002000         xrw
*default*        0x00000000         0xffffffff

Linker script and memory map

LOAD ./src/adc.o
LOAD ./src/avalon_time.o
LOAD ./src/blinky.o
LOAD ./src/camera.o
LOAD ./src/cr_cpp_config.o
LOAD ./src/cr_startup_lpc11xx.o
LOAD ./src/crp.o
LOAD ./src/eeprom.o
LOAD ./src/intervalometer-lpc1114-x.o
LOAD ./src/logger.o
LOAD ./src/main.o
LOAD ./src/rtc.o
LOAD ./src/sysinit.o
LOAD ./freertos/src/FreeRTOSCommonHooks.o
LOAD ./freertos/src/croutine.o
LOAD ./freertos/src/event_groups.o
LOAD ./freertos/src/heap_1.o
LOAD ./freertos/src/list.o
LOAD ./freertos/src/port.o
LOAD ./freertos/src/queue.o
LOAD ./freertos/src/tasks.o
LOAD ./freertos/src/timers.o
LOAD C:\Users\jdubovsky\Documents\LPCXpresso_7.9.2_493\workspace\nxp_lpcxpresso_11c24_board_lib\Debug\libnxp_lpcxpresso_11c24_board_lib.a
LOAD C:\Users\jdubovsky\Documents\LPCXpresso_7.9.2_493\workspace\lpc_chip_11cxx_lib\Debug\liblpc_chip_11cxx_lib.a
START GROUP
LOAD c:/nxp/lpcxpresso_7.9.2_493/lpcxpresso/tools/bin/../lib/gcc/arm-none-eabi/4.9.3/armv6-m\libgcc.a
LOAD c:/nxp/lpcxpresso_7.9.2_493/lpcxpresso/tools/bin/../lib/gcc/arm-none-eabi/4.9.3/../../../../arm-none-eabi/lib/armv6-m\libc.a
LOAD c:/nxp/lpcxpresso_7.9.2_493/lpcxpresso/tools/bin/../lib/gcc/arm-none-eabi/4.9.3/../../../../arm-none-eabi/lib/armv6-m\libstdc++.a
LOAD c:/nxp/lpcxpresso_7.9.2_493/lpcxpresso/tools/bin/../lib/gcc/arm-none-eabi/4.9.3/../../../../arm-none-eabi/lib/armv6-m\libm.a
LOAD c:/nxp/lpcxpresso_7.9.2_493/lpcxpresso/tools/bin/../lib/gcc/arm-none-eabi/4.9.3/../../../../arm-none-eabi/lib/armv6-m\libcr_newlib_nohost.a
LOAD c:/nxp/lpcxpresso_7.9.2_493/lpcxpresso/tools/bin/../lib/gcc/arm-none-eabi/4.9.3/armv6-m\crti.o
LOAD c:/nxp/lpcxpresso_7.9.2_493/lpcxpresso/tools/bin/../lib/gcc/arm-none-eabi/4.9.3/armv6-m\crtn.o
LOAD c:/nxp/lpcxpresso_7.9.2_493/lpcxpresso/tools/bin/../lib/gcc/arm-none-eabi/4.9.3/armv6-m\crtbegin.o
LOAD c:/nxp/lpcxpresso_7.9.2_493/lpcxpresso/tools/bin/../lib/gcc/arm-none-eabi/4.9.3/armv6-m\crtend.o
END GROUP
                0x00000000                __base_MFlash32 = 0x0
                0x00000000                __base_Flash = 0x0
                0x00008000                __top_MFlash32 = 0x8000
                0x00008000                __top_Flash = 0x8000
                0x10000000                __base_RamLoc8 = 0x10000000
                0x10000000                __base_RAM = 0x10000000
                0x10002000                __top_RamLoc8 = 0x10002000
                0x10002000                __top_RAM = 0x10002000

.text           0x00000000     0x237c
 FILL mask 0xff
                0x00000000                __vectors_start__ = ABSOLUTE (.)
 *(.isr_vector)
 .isr_vector    0x00000000       0xc0 ./src/cr_startup_lpc11xx.o
                0x00000000                g_pfnVectors
                0x000000c0                . = ALIGN (0x4)
                0x000000c0                __section_table_start = .
                0x000000c0                __data_section_table = .
                0x000000c0        0x4 LONG 0x237c LOADADDR (.data)
                0x000000c4        0x4 LONG 0x10000000 ADDR (.data)
                0x000000c8        0x4 LONG 0xc SIZEOF (.data)
                0x000000cc                __data_section_table_end = .
                0x000000cc                __bss_section_table = .
                0x000000cc        0x4 LONG 0x1000000c ADDR (.bss)
                0x000000d0        0x4 LONG 0x744 SIZEOF (.bss)
                0x000000d4                __bss_section_table_end = .
                0x000000d4                __section_table_end = .
 *(.after_vectors*)
 .after_vectors
                0x000000d4      0x12c ./src/cr_startup_lpc11xx.o
                0x000000d4                data_init(unsigned int, unsigned int, unsigned int)
                0x00000114                bss_init(unsigned int, unsigned int)
                0x00000148                ResetISR
                0x000001d0                NMI_Handler
                0x000001d8                HardFault_Handler
                0x000001f8                IntDefaultHandler
                0x000001f8                PIOINT1_IRQHandler
                0x000001f8                CAN_IRQHandler
                0x000001f8                TIMER32_1_IRQHandler
                0x000001f8                TIMER32_0_IRQHandler
                0x000001f8                TIMER16_1_IRQHandler
                0x000001f8                SSP1_IRQHandler
                0x000001f8                PIOINT2_IRQHandler
                0x000001f8                UART_IRQHandler
                0x000001f8                BOD_IRQHandler
                0x000001f8                WAKEUP_IRQHandler
                0x000001f8                PIOINT0_IRQHandler
                0x000001f8                I2C_IRQHandler
                0x000001f8                SSP0_IRQHandler
                0x000001f8                WDT_IRQHandler
                0x000001f8                TIMER16_0_IRQHandler
                0x000001f8                PIOINT3_IRQHandler
                0x000002fc                . = 0x2fc
 *fill*         0x00000200       0xfc ff
                0x000002fc                PROVIDE (__CRP_WORD_START__, .)
 *(.crp)
 .crp           0x000002fc        0x4 ./src/crp.o
                0x000002fc                CRP_WORD
                0x00000300                PROVIDE (__CRP_WORD_END__, .)
                0x00000001                ASSERT (! ((__CRP_WORD_START__ == __CRP_WORD_END__)), Linker CRP Enabled, but no CRP_WORD provided within application)
 *(.text*)
 .text.Chip_IOCON_PinMuxSet
                0x00000300       0x28 ./src/adc.o
 .text.Chip_ADC_Int_SetGlobalCmd
                0x00000328       0x24 ./src/adc.o
 .text._ZL12adc_bsp_initv
                0x0000034c       0x18 ./src/adc.o
 .text.ADC_IRQHandler
                0x00000364       0xb0 ./src/adc.o
                0x00000364                ADC_IRQHandler
 .text._Z8adc_taskPv
                0x00000414       0x58 ./src/adc.o
                0x00000414                adc_task(void*)
 .text._ZN7SecondsC2Ej
                0x0000046c       0x1c ./src/avalon_time.o
                0x0000046c                Seconds::Seconds(unsigned int)
                0x0000046c                Seconds::Seconds(unsigned int)
 .text._Z17Chip_RTC_GetCountv
                0x00000488        0xc ./src/avalon_time.o
                0x00000488                Chip_RTC_GetCount()
 .text._Z9time_initv
                0x00000494       0x24 ./src/avalon_time.o
                0x00000494                time_init()
 .text._ZN12MillisecondsC2Ej
                0x000004b8       0x1c ./src/camera.o
                0x000004b8                Milliseconds::Milliseconds(unsigned int)
                0x000004b8                Milliseconds::Milliseconds(unsigned int)
 .text._ZN12MillisecondsC2E7Seconds
                0x000004d4       0x20 ./src/camera.o
                0x000004d4                Milliseconds::Milliseconds(Seconds)
                0x000004d4                Milliseconds::Milliseconds(Seconds)
 .text._ZNK12Milliseconds15rawMillisecondsEv
                0x000004f4       0x14 ./src/camera.o
                0x000004f4                Milliseconds::rawMilliseconds() const
 .text._ZN11SteadyClock3nowEv
                0x00000508       0x10 ./src/camera.o
                0x00000508                SteadyClock::now()
 .text._ZN11SteadyClock19millisecondsToTicksE12Milliseconds
                0x00000518       0x1c ./src/camera.o
                0x00000518                SteadyClock::millisecondsToTicks(Milliseconds)
 .text._ZN11SteadyClock5DelayE12Milliseconds
                0x00000534       0x34 ./src/camera.o
                0x00000534                SteadyClock::Delay(Milliseconds)
 .text._ZN11SteadyTimerC2E12Milliseconds
                0x00000568       0x24 ./src/camera.o
                0x00000568                SteadyTimer::SteadyTimer(Milliseconds)
                0x00000568                SteadyTimer::SteadyTimer(Milliseconds)
 .text._ZN11SteadyTimer17delayUntilElapsedEv
                0x0000058c       0x24 ./src/camera.o
                0x0000058c                SteadyTimer::delayUntilElapsed()
 .text._ZL18camera_vcam_enableb
                0x000005b0       0x14 ./src/camera.o
 .text._ZL24camera_pressbutton_power12Milliseconds
                0x000005c4       0x1c ./src/camera.o
 .text._Z15camera_bsp_initv
                0x000005e0       0x10 ./src/camera.o
                0x000005e0                camera_bsp_init()
 .text._Z11camera_taskPv
                0x000005f0       0x7c ./src/camera.o
                0x000005f0                camera_task(void*)
 .text._Z41__static_initialization_and_destruction_0ii
                0x0000066c       0x60 ./src/camera.o
 .text._GLOBAL__sub_I__Z15camera_bsp_initv
                0x000006cc       0x18 ./src/camera.o
 .text._Z11eeprom_initv
                0x000006e4       0x1c ./src/eeprom.o
                0x000006e4                eeprom_init()
 .text._Z41__static_initialization_and_destruction_0ii
                0x00000700       0x30 ./src/eeprom.o
 .text._GLOBAL__sub_I_WAIT_FOREVER
                0x00000730       0x18 ./src/eeprom.o
 .text._ZN7MinutesC2Ej
                0x00000748       0x1c ./src/logger.o
                0x00000748                Minutes::Minutes(unsigned int)
                0x00000748                Minutes::Minutes(unsigned int)
 .text._Z41__static_initialization_and_destruction_0ii
                0x00000764       0x30 ./src/logger.o
 .text._GLOBAL__sub_I__Z16logger_readfirstPt
                0x00000794       0x18 ./src/logger.o
 .text._ZL14setup_hardwarev
                0x000007ac       0x14 ./src/main.o
 .text.main     0x000007c0       0x70 ./src/main.o
                0x000007c0                main
 .text.SystemInit
                0x00000830        0xc ./src/sysinit.o
                0x00000830                SystemInit
 .text.vApplicationMallocFailedHook
                0x0000083c        0x8 ./freertos/src/FreeRTOSCommonHooks.o
                0x0000083c                vApplicationMallocFailedHook
 .text.vApplicationIdleHook
                0x00000844        0xc ./freertos/src/FreeRTOSCommonHooks.o
                0x00000844                vApplicationIdleHook
 .text.vApplicationStackOverflowHook
                0x00000850       0x10 ./freertos/src/FreeRTOSCommonHooks.o
                0x00000850                vApplicationStackOverflowHook
 .text.pvPortMalloc
                0x00000860       0x94 ./freertos/src/heap_1.o
                0x00000860                pvPortMalloc
 .text.vPortFree
                0x000008f4       0x18 ./freertos/src/heap_1.o
                0x000008f4                vPortFree
 .text.vListInitialise
                0x0000090c       0x3c ./freertos/src/list.o
                0x0000090c                vListInitialise
 .text.vListInitialiseItem
                0x00000948       0x14 ./freertos/src/list.o
                0x00000948                vListInitialiseItem
 .text.vListInsertEnd
                0x0000095c       0x44 ./freertos/src/list.o
                0x0000095c                vListInsertEnd
 .text.vListInsert
                0x000009a0       0x6c ./freertos/src/list.o
                0x000009a0                vListInsert
 .text.uxListRemove
                0x00000a0c       0x50 ./freertos/src/list.o
                0x00000a0c                uxListRemove
 .text.pxPortInitialiseStack
                0x00000a5c       0x54 ./freertos/src/port.o
                0x00000a5c                pxPortInitialiseStack
 .text.prvTaskExitError
                0x00000ab0       0x18 ./freertos/src/port.o
 .text.SVC_Handler
                0x00000ac8        0x8 ./freertos/src/port.o
                0x00000ac8                SVC_Handler
 .text.vPortStartFirstTask
                0x00000ad0       0x20 ./freertos/src/port.o
 .text.xPortStartScheduler
                0x00000af0       0x44 ./freertos/src/port.o
                0x00000af0                xPortStartScheduler
 .text.vPortYield
                0x00000b34       0x1c ./freertos/src/port.o
                0x00000b34                vPortYield
 .text.vPortEnterCritical
                0x00000b50       0x20 ./freertos/src/port.o
                0x00000b50                vPortEnterCritical
 .text.vPortExitCritical
                0x00000b70       0x2c ./freertos/src/port.o
                0x00000b70                vPortExitCritical
 .text.ulSetInterruptMaskFromISR
                0x00000b9c        0xc ./freertos/src/port.o
                0x00000b9c                ulSetInterruptMaskFromISR
 .text.vClearInterruptMaskFromISR
                0x00000ba8        0x8 ./freertos/src/port.o
                0x00000ba8                vClearInterruptMaskFromISR
 .text.PendSV_Handler
                0x00000bb0       0x44 ./freertos/src/port.o
                0x00000bb0                PendSV_Handler
 .text.SysTick_Handler
                0x00000bf4       0x30 ./freertos/src/port.o
                0x00000bf4                SysTick_Handler
 .text.prvSetupTimerInterrupt
                0x00000c24       0x30 ./freertos/src/port.o
 .text.xQueueGenericReset
                0x00000c54       0xac ./freertos/src/queue.o
                0x00000c54                xQueueGenericReset
 .text.xQueueGenericCreate
                0x00000d00       0x98 ./freertos/src/queue.o
                0x00000d00                xQueueGenericCreate
 .text.xTaskGenericCreate
                0x00000d98      0x178 ./freertos/src/tasks.o
                0x00000d98                xTaskGenericCreate
 .text.vTaskDelayUntil
                0x00000f10       0xc0 ./freertos/src/tasks.o
                0x00000f10                vTaskDelayUntil
 .text.vTaskDelay
                0x00000fd0       0x64 ./freertos/src/tasks.o
                0x00000fd0                vTaskDelay
 .text.vTaskStartScheduler
                0x00001034       0x70 ./freertos/src/tasks.o
                0x00001034                vTaskStartScheduler
 .text.vTaskSuspendAll
                0x000010a4       0x18 ./freertos/src/tasks.o
                0x000010a4                vTaskSuspendAll
 .text.xTaskResumeAll
                0x000010bc      0x108 ./freertos/src/tasks.o
                0x000010bc                xTaskResumeAll
 .text.xTaskGetTickCount
                0x000011c4       0x1c ./freertos/src/tasks.o
                0x000011c4                xTaskGetTickCount
 .text.xTaskIncrementTick
                0x000011e0      0x16c ./freertos/src/tasks.o
                0x000011e0                xTaskIncrementTick
 .text.vTaskSwitchContext
                0x0000134c       0xf0 ./freertos/src/tasks.o
                0x0000134c                vTaskSwitchContext
 .text.xTaskRemoveFromEventList
                0x0000143c       0xb8 ./freertos/src/tasks.o
                0x0000143c                xTaskRemoveFromEventList
 .text.prvIdleTask
                0x000014f4       0x24 ./freertos/src/tasks.o
 .text.prvInitialiseTCBVariables
                0x00001518       0xa8 ./freertos/src/tasks.o
 .text.prvInitialiseTaskLists
                0x000015c0       0x88 ./freertos/src/tasks.o
 .text.prvCheckTasksWaitingTermination
                0x00001648       0x74 ./freertos/src/tasks.o
 .text.prvAddCurrentTaskToDelayedList
                0x000016bc       0x6c ./freertos/src/tasks.o
 .text.prvAllocateTCBAndStack
                0x00001728       0x78 ./freertos/src/tasks.o
 .text.prvDeleteTCB
                0x000017a0       0x20 ./freertos/src/tasks.o
 .text.prvResetNextTaskUnblockTime
                0x000017c0       0x44 ./freertos/src/tasks.o
 .text.Chip_GPIO_SetPinDIROutput
                0x00001804       0x4c C:\Users\jdubovsky\Documents\LPCXpresso_7.9.2_493\workspace\nxp_lpcxpresso_11c24_board_lib\Debug\libnxp_lpcxpresso_11c24_board_lib.a(board.o)
 .text.Board_LED_Init
                0x00001850       0x18 C:\Users\jdubovsky\Documents\LPCXpresso_7.9.2_493\workspace\nxp_lpcxpresso_11c24_board_lib\Debug\libnxp_lpcxpresso_11c24_board_lib.a(board.o)
 .text.Board_Init
                0x00001868       0x18 C:\Users\jdubovsky\Documents\LPCXpresso_7.9.2_493\workspace\nxp_lpcxpresso_11c24_board_lib\Debug\libnxp_lpcxpresso_11c24_board_lib.a(board.o)
                0x00001868                Board_Init
 .text.Chip_FMC_SetFLASHAccess
                0x00001880       0x2c C:\Users\jdubovsky\Documents\LPCXpresso_7.9.2_493\workspace\nxp_lpcxpresso_11c24_board_lib\Debug\libnxp_lpcxpresso_11c24_board_lib.a(board_sysinit.o)
 .text.Chip_Clock_SetupSystemPLL
                0x000018ac       0x34 C:\Users\jdubovsky\Documents\LPCXpresso_7.9.2_493\workspace\nxp_lpcxpresso_11c24_board_lib\Debug\libnxp_lpcxpresso_11c24_board_lib.a(board_sysinit.o)
 .text.Chip_Clock_IsSystemPLLLocked
                0x000018e0       0x1c C:\Users\jdubovsky\Documents\LPCXpresso_7.9.2_493\workspace\nxp_lpcxpresso_11c24_board_lib\Debug\libnxp_lpcxpresso_11c24_board_lib.a(board_sysinit.o)
 .text.Chip_Clock_SetSysClockDiv
                0x000018fc       0x18 C:\Users\jdubovsky\Documents\LPCXpresso_7.9.2_493\workspace\nxp_lpcxpresso_11c24_board_lib\Debug\libnxp_lpcxpresso_11c24_board_lib.a(board_sysinit.o)
 .text.Chip_Clock_EnablePeriphClock
                0x00001914       0x30 C:\Users\jdubovsky\Documents\LPCXpresso_7.9.2_493\workspace\nxp_lpcxpresso_11c24_board_lib\Debug\libnxp_lpcxpresso_11c24_board_lib.a(board_sysinit.o)
 .text.Chip_IOCON_PinMuxSet
                0x00001944       0x28 C:\Users\jdubovsky\Documents\LPCXpresso_7.9.2_493\workspace\nxp_lpcxpresso_11c24_board_lib\Debug\libnxp_lpcxpresso_11c24_board_lib.a(board_sysinit.o)
 .text.SystemSetupClocking
                0x0000196c       0x64 C:\Users\jdubovsky\Documents\LPCXpresso_7.9.2_493\workspace\nxp_lpcxpresso_11c24_board_lib\Debug\libnxp_lpcxpresso_11c24_board_lib.a(board_sysinit.o)
 .text.SystemSetupMuxing
                0x000019d0       0x48 C:\Users\jdubovsky\Documents\LPCXpresso_7.9.2_493\workspace\nxp_lpcxpresso_11c24_board_lib\Debug\libnxp_lpcxpresso_11c24_board_lib.a(board_sysinit.o)
 .text.Board_SystemInit
                0x00001a18       0x10 C:\Users\jdubovsky\Documents\LPCXpresso_7.9.2_493\workspace\nxp_lpcxpresso_11c24_board_lib\Debug\libnxp_lpcxpresso_11c24_board_lib.a(board_sysinit.o)
                0x00001a18                Board_SystemInit
 .text.Chip_Clock_EnablePeriphClock
                0x00001a28       0x30 C:\Users\jdubovsky\Documents\LPCXpresso_7.9.2_493\workspace\lpc_chip_11cxx_lib\Debug\liblpc_chip_11cxx_lib.a(adc_11xx.o)
 .text.getFullConvClk
                0x00001a58        0xc C:\Users\jdubovsky\Documents\LPCXpresso_7.9.2_493\workspace\lpc_chip_11cxx_lib\Debug\liblpc_chip_11cxx_lib.a(adc_11xx.o)
 .text.getClkDiv
                0x00001a64       0x7c C:\Users\jdubovsky\Documents\LPCXpresso_7.9.2_493\workspace\lpc_chip_11cxx_lib\Debug\liblpc_chip_11cxx_lib.a(adc_11xx.o)
 .text.setStartMode
                0x00001ae0       0x30 C:\Users\jdubovsky\Documents\LPCXpresso_7.9.2_493\workspace\lpc_chip_11cxx_lib\Debug\liblpc_chip_11cxx_lib.a(adc_11xx.o)
                0x00001ae0                setStartMode
 .text.readAdcVal
                0x00001b10       0x48 C:\Users\jdubovsky\Documents\LPCXpresso_7.9.2_493\workspace\lpc_chip_11cxx_lib\Debug\liblpc_chip_11cxx_lib.a(adc_11xx.o)
                0x00001b10                readAdcVal
 .text.Chip_ADC_Init
                0x00001b58       0x90 C:\Users\jdubovsky\Documents\LPCXpresso_7.9.2_493\workspace\lpc_chip_11cxx_lib\Debug\liblpc_chip_11cxx_lib.a(adc_11xx.o)
                0x00001b58                Chip_ADC_Init
 .text.Chip_ADC_ReadValue
                0x00001be8       0x30 C:\Users\jdubovsky\Documents\LPCXpresso_7.9.2_493\workspace\lpc_chip_11cxx_lib\Debug\liblpc_chip_11cxx_lib.a(adc_11xx.o)
                0x00001be8                Chip_ADC_ReadValue
 .text.Chip_ADC_ReadStatus
                0x00001c18       0x7c C:\Users\jdubovsky\Documents\LPCXpresso_7.9.2_493\workspace\lpc_chip_11cxx_lib\Debug\liblpc_chip_11cxx_lib.a(adc_11xx.o)
                0x00001c18                Chip_ADC_ReadStatus
 .text.Chip_ADC_Int_SetChannelCmd
                0x00001c94       0x54 C:\Users\jdubovsky\Documents\LPCXpresso_7.9.2_493\workspace\lpc_chip_11cxx_lib\Debug\liblpc_chip_11cxx_lib.a(adc_11xx.o)
                0x00001c94                Chip_ADC_Int_SetChannelCmd
 .text.Chip_ADC_SetStartMode
                0x00001ce8       0x64 C:\Users\jdubovsky\Documents\LPCXpresso_7.9.2_493\workspace\lpc_chip_11cxx_lib\Debug\liblpc_chip_11cxx_lib.a(adc_11xx.o)
                0x00001ce8                Chip_ADC_SetStartMode
 .text.Chip_ADC_EnableChannel
                0x00001d4c       0x64 C:\Users\jdubovsky\Documents\LPCXpresso_7.9.2_493\workspace\lpc_chip_11cxx_lib\Debug\liblpc_chip_11cxx_lib.a(adc_11xx.o)
                0x00001d4c                Chip_ADC_EnableChannel
 .text.SystemCoreClockUpdate
                0x00001db0       0x18 C:\Users\jdubovsky\Documents\LPCXpresso_7.9.2_493\workspace\lpc_chip_11cxx_lib\Debug\liblpc_chip_11cxx_lib.a(chip_11xx.o)
                0x00001db0                SystemCoreClockUpdate
 .text.Chip_Clock_GetMainOscRate
                0x00001dc8       0x14 C:\Users\jdubovsky\Documents\LPCXpresso_7.9.2_493\workspace\lpc_chip_11cxx_lib\Debug\liblpc_chip_11cxx_lib.a(clock_11xx.o)
 .text.Chip_Clock_GetIntOscRate
                0x00001ddc       0x10 C:\Users\jdubovsky\Documents\LPCXpresso_7.9.2_493\workspace\lpc_chip_11cxx_lib\Debug\liblpc_chip_11cxx_lib.a(clock_11xx.o)
 .text.Chip_Clock_GetWDTLFORate
                0x00001dec       0x48 C:\Users\jdubovsky\Documents\LPCXpresso_7.9.2_493\workspace\lpc_chip_11cxx_lib\Debug\liblpc_chip_11cxx_lib.a(clock_11xx.o)
 .text.Chip_Clock_GetPLLFreq
                0x00001e34       0x24 C:\Users\jdubovsky\Documents\LPCXpresso_7.9.2_493\workspace\lpc_chip_11cxx_lib\Debug\liblpc_chip_11cxx_lib.a(clock_11xx.o)
 .text.Chip_Clock_SetSystemPLLSource
                0x00001e58       0x2c C:\Users\jdubovsky\Documents\LPCXpresso_7.9.2_493\workspace\lpc_chip_11cxx_lib\Debug\liblpc_chip_11cxx_lib.a(clock_11xx.o)
                0x00001e58                Chip_Clock_SetSystemPLLSource
 .text.Chip_Clock_SetMainClockSource
                0x00001e84       0x2c C:\Users\jdubovsky\Documents\LPCXpresso_7.9.2_493\workspace\lpc_chip_11cxx_lib\Debug\liblpc_chip_11cxx_lib.a(clock_11xx.o)
                0x00001e84                Chip_Clock_SetMainClockSource
 .text.Chip_Clock_GetWDTOSCRate
                0x00001eb0       0x1c C:\Users\jdubovsky\Documents\LPCXpresso_7.9.2_493\workspace\lpc_chip_11cxx_lib\Debug\liblpc_chip_11cxx_lib.a(clock_11xx.o)
                0x00001eb0                Chip_Clock_GetWDTOSCRate
 .text.Chip_Clock_GetSystemPLLInClockRate
                0x00001ecc       0x40 C:\Users\jdubovsky\Documents\LPCXpresso_7.9.2_493\workspace\lpc_chip_11cxx_lib\Debug\liblpc_chip_11cxx_lib.a(clock_11xx.o)
                0x00001ecc                Chip_Clock_GetSystemPLLInClockRate
 .text.Chip_Clock_GetSystemPLLOutClockRate
                0x00001f0c       0x24 C:\Users\jdubovsky\Documents\LPCXpresso_7.9.2_493\workspace\lpc_chip_11cxx_lib\Debug\liblpc_chip_11cxx_lib.a(clock_11xx.o)
                0x00001f0c                Chip_Clock_GetSystemPLLOutClockRate
 .text.Chip_Clock_GetMainClockRate
                0x00001f30       0x64 C:\Users\jdubovsky\Documents\LPCXpresso_7.9.2_493\workspace\lpc_chip_11cxx_lib\Debug\liblpc_chip_11cxx_lib.a(clock_11xx.o)
                0x00001f30                Chip_Clock_GetMainClockRate
 .text.Chip_Clock_GetSystemClockRate
                0x00001f94       0x24 C:\Users\jdubovsky\Documents\LPCXpresso_7.9.2_493\workspace\lpc_chip_11cxx_lib\Debug\liblpc_chip_11cxx_lib.a(clock_11xx.o)
                0x00001f94                Chip_Clock_GetSystemClockRate
 .text.Chip_Clock_EnablePeriphClock
                0x00001fb8       0x30 C:\Users\jdubovsky\Documents\LPCXpresso_7.9.2_493\workspace\lpc_chip_11cxx_lib\Debug\liblpc_chip_11cxx_lib.a(gpio_11xx_2.o)
 .text.Chip_GPIO_Init
                0x00001fe8       0x14 C:\Users\jdubovsky\Documents\LPCXpresso_7.9.2_493\workspace\lpc_chip_11cxx_lib\Debug\liblpc_chip_11cxx_lib.a(gpio_11xx_2.o)
                0x00001fe8                Chip_GPIO_Init
 .text.Chip_SYSCTL_PowerDown
                0x00001ffc       0x3c C:\Users\jdubovsky\Documents\LPCXpresso_7.9.2_493\workspace\lpc_chip_11cxx_lib\Debug\liblpc_chip_11cxx_lib.a(sysctl_11xx.o)
                0x00001ffc                Chip_SYSCTL_PowerDown
 .text.Chip_SYSCTL_PowerUp
                0x00002038       0x40 C:\Users\jdubovsky\Documents\LPCXpresso_7.9.2_493\workspace\lpc_chip_11cxx_lib\Debug\liblpc_chip_11cxx_lib.a(sysctl_11xx.o)
                0x00002038                Chip_SYSCTL_PowerUp
 .text          0x00002078      0x120 c:/nxp/lpcxpresso_7.9.2_493/lpcxpresso/tools/bin/../lib/gcc/arm-none-eabi/4.9.3/armv6-m\libgcc.a(_udivsi3.o)
                0x00002078                __aeabi_uidiv
                0x00002078                __udivsi3
                0x00002184                __aeabi_uidivmod
 .text          0x00002198        0x4 c:/nxp/lpcxpresso_7.9.2_493/lpcxpresso/tools/bin/../lib/gcc/arm-none-eabi/4.9.3/armv6-m\libgcc.a(_dvmd_tls.o)
                0x00002198                __aeabi_idiv0
                0x00002198                __aeabi_ldiv0
 .text.__libc_init_array
                0x0000219c       0x48 c:/nxp/lpcxpresso_7.9.2_493/lpcxpresso/tools/bin/../lib/gcc/arm-none-eabi/4.9.3/../../../../arm-none-eabi/lib/armv6-m\libc.a(lib_a-init.o)
                0x0000219c                __libc_init_array
 .text.memset   0x000021e4       0x8c c:/nxp/lpcxpresso_7.9.2_493/lpcxpresso/tools/bin/../lib/gcc/arm-none-eabi/4.9.3/../../../../arm-none-eabi/lib/armv6-m\libc.a(lib_a-memset.o)
                0x000021e4                memset
 .text          0x00002270       0x60 c:/nxp/lpcxpresso_7.9.2_493/lpcxpresso/tools/bin/../lib/gcc/arm-none-eabi/4.9.3/armv6-m\crtbegin.o
 *(.rodata .rodata.* .constdata .constdata.*)
 .rodata        0x000022d0       0x10 ./src/main.o
 .rodata        0x000022e0        0x5 ./freertos/src/tasks.o
 *fill*         0x000022e5        0x3 
 .rodata.OscRateIn
                0x000022e8        0x4 C:\Users\jdubovsky\Documents\LPCXpresso_7.9.2_493\workspace\nxp_lpcxpresso_11c24_board_lib\Debug\libnxp_lpcxpresso_11c24_board_lib.a(board.o)
                0x000022e8                OscRateIn
 .rodata.pinmuxing
                0x000022ec       0x28 C:\Users\jdubovsky\Documents\LPCXpresso_7.9.2_493\workspace\nxp_lpcxpresso_11c24_board_lib\Debug\libnxp_lpcxpresso_11c24_board_lib.a(board_sysinit.o)
 .rodata.wdtOSCRate
                0x00002314       0x40 C:\Users\jdubovsky\Documents\LPCXpresso_7.9.2_493\workspace\lpc_chip_11cxx_lib\Debug\liblpc_chip_11cxx_lib.a(clock_11xx.o)
                0x00002354                . = ALIGN (0x4)
                0x00002354                . = ALIGN (0x4)
 *(.init)
 .init          0x00002354        0x4 c:/nxp/lpcxpresso_7.9.2_493/lpcxpresso/tools/bin/../lib/gcc/arm-none-eabi/4.9.3/armv6-m\crti.o
                0x00002354                _init
 .init          0x00002358        0x8 c:/nxp/lpcxpresso_7.9.2_493/lpcxpresso/tools/bin/../lib/gcc/arm-none-eabi/4.9.3/armv6-m\crtn.o
                0x00002360                . = ALIGN (0x4)
                0x00002360                __preinit_array_start = .
 *(.preinit_array)
                0x00002360                __preinit_array_end = .
                0x00002360                . = ALIGN (0x4)
                0x00002360                __init_array_start = .
 *(SORT(.init_array.*))
 *(.init_array)
 .init_array    0x00002360        0x4 ./src/camera.o
 .init_array    0x00002364        0x4 ./src/eeprom.o
 .init_array    0x00002368        0x4 ./src/logger.o
 .init_array    0x0000236c        0x4 c:/nxp/lpcxpresso_7.9.2_493/lpcxpresso/tools/bin/../lib/gcc/arm-none-eabi/4.9.3/armv6-m\crtbegin.o
                0x00002370                __init_array_end = .
 *(.fini)
 .fini          0x00002370        0x4 c:/nxp/lpcxpresso_7.9.2_493/lpcxpresso/tools/bin/../lib/gcc/arm-none-eabi/4.9.3/armv6-m\crti.o
                0x00002370                _fini
 .fini          0x00002374        0x8 c:/nxp/lpcxpresso_7.9.2_493/lpcxpresso/tools/bin/../lib/gcc/arm-none-eabi/4.9.3/armv6-m\crtn.o
                0x0000237c                . = ALIGN (0x4)
 *crtbegin.o(.ctors)
 *(EXCLUDE_FILE(*crtend.o) .ctors)
 *(SORT(.ctors.*))
 *crtend.o(.ctors)
                0x0000237c                . = ALIGN (0x4)
 *crtbegin.o(.dtors)
 *(EXCLUDE_FILE(*crtend.o) .dtors)
 *(SORT(.dtors.*))
 *crtend.o(.dtors)
                0x0000237c                . = ALIGN (0x4)

.glue_7         0x0000237c        0x0
 .glue_7        0x00000000        0x0 linker stubs

.glue_7t        0x0000237c        0x0
 .glue_7t       0x00000000        0x0 linker stubs

.vfp11_veneer   0x0000237c        0x0
 .vfp11_veneer  0x00000000        0x0 linker stubs

.v4_bx          0x0000237c        0x0
 .v4_bx         0x00000000        0x0 linker stubs

.iplt           0x0000237c        0x0
 .iplt          0x00000000        0x0 ./src/adc.o

.rel.dyn        0x0000237c        0x0
 .rel.iplt      0x00000000        0x0 ./src/adc.o

.eh_frame       0x0000237c        0x0
 .eh_frame      0x0000237c        0x0 c:/nxp/lpcxpresso_7.9.2_493/lpcxpresso/tools/bin/../lib/gcc/arm-none-eabi/4.9.3/armv6-m\crtbegin.o

.ARM.extab
 *(.ARM.extab* .gnu.linkonce.armextab.*)
                0x0000237c                __exidx_start = .

.ARM.exidx
 *(.ARM.exidx* .gnu.linkonce.armexidx.*)
                0x0000237c                __exidx_end = .
                0x0000237c                _etext = .

.uninit_RESERVED
                0x10000000        0x0
 *(.bss.$RESERVED*)
                0x10000000                . = ALIGN (0x4)
                0x10000000                _end_uninit_RESERVED = .

.data           0x10000000        0xc load address 0x0000237c
 FILL mask 0xff
                0x10000000                _data = .
 *(vtable)
 *(.ramfunc*)
 *(.data*)
 .data._ZL15adc_filter_term
                0x10000000        0x8 ./src/adc.o
 .data.uxCriticalNesting
                0x10000008        0x4 ./freertos/src/port.o
                0x1000000c                . = ALIGN (0x4)
                0x1000000c                _edata = .

.igot.plt       0x1000000c        0x0 load address 0x00002388
 .igot.plt      0x00000000        0x0 ./src/adc.o

.jcr            0x1000000c        0x0 load address 0x00002388
 .jcr           0x1000000c        0x0 c:/nxp/lpcxpresso_7.9.2_493/lpcxpresso/tools/bin/../lib/gcc/arm-none-eabi/4.9.3/armv6-m\crtbegin.o

.bss            0x1000000c      0x744 load address 0x00002388
                0x1000000c                _bss = .
 *(.bss*)
 .bss._ZL12adc_filtered
                0x1000000c        0x8 ./src/adc.o
 .bss._ZL19adc_current_channel
                0x10000014        0x1 ./src/adc.o
 *fill*         0x10000015        0x3 
 .bss._ZL7rtcZero
                0x10000018        0x4 ./src/avalon_time.o
 .bss._ZL9ticksZero
                0x1000001c        0x4 ./src/avalon_time.o
 .bss._ZL22CAMERA_SNAPSHOT_PERIOD
                0x10000020        0x4 ./src/camera.o
 .bss._ZL25CAMERA_VCAM_SETTLE_PERIOD
                0x10000024        0x4 ./src/camera.o
 .bss._ZL31CAMERA_POWER_BUTTON_HOLD_PERIOD
                0x10000028        0x4 ./src/camera.o
 .bss._ZL23CAMERA_AUTOEXEC_RUNTIME
                0x1000002c        0x4 ./src/camera.o
 .bss.WAIT_FOREVER
                0x10000030        0x4 ./src/eeprom.o
                0x10000030                WAIT_FOREVER
 .bss.g_queueWork
                0x10000034        0x4 ./src/eeprom.o
                0x10000034                g_queueWork
 .bss._ZL19LOGGER_WRITE_PERIOD
                0x10000038        0x4 ./src/logger.o
 .bss.ucHeap    0x1000003c      0x600 ./freertos/src/heap_1.o
 .bss.xNextFreeByte
                0x1000063c        0x4 ./freertos/src/heap_1.o
 .bss.pucAlignedHeap.6869
                0x10000640        0x4 ./freertos/src/heap_1.o
 .bss.pxCurrentTCB
                0x10000644        0x4 ./freertos/src/tasks.o
                0x10000644                pxCurrentTCB
 .bss.pxReadyTasksLists
                0x10000648       0x50 ./freertos/src/tasks.o
 .bss.xDelayedTaskList1
                0x10000698       0x14 ./freertos/src/tasks.o
 .bss.xDelayedTaskList2
                0x100006ac       0x14 ./freertos/src/tasks.o
 .bss.pxDelayedTaskList
                0x100006c0        0x4 ./freertos/src/tasks.o
 .bss.pxOverflowDelayedTaskList
                0x100006c4        0x4 ./freertos/src/tasks.o
 .bss.xPendingReadyList
                0x100006c8       0x14 ./freertos/src/tasks.o
 .bss.xTasksWaitingTermination
                0x100006dc       0x14 ./freertos/src/tasks.o
 .bss.uxTasksDeleted
                0x100006f0        0x4 ./freertos/src/tasks.o
 .bss.xSuspendedTaskList
                0x100006f4       0x14 ./freertos/src/tasks.o
 .bss.uxCurrentNumberOfTasks
                0x10000708        0x4 ./freertos/src/tasks.o
 .bss.xTickCount
                0x1000070c        0x4 ./freertos/src/tasks.o
 .bss.uxTopReadyPriority
                0x10000710        0x4 ./freertos/src/tasks.o
 .bss.xSchedulerRunning
                0x10000714        0x4 ./freertos/src/tasks.o
 .bss.uxPendedTicks
                0x10000718        0x4 ./freertos/src/tasks.o
 .bss.xYieldPending
                0x1000071c        0x4 ./freertos/src/tasks.o
 .bss.xNumOfOverflows
                0x10000720        0x4 ./freertos/src/tasks.o
 .bss.uxTaskNumber
                0x10000724        0x4 ./freertos/src/tasks.o
 .bss.xNextTaskUnblockTime
                0x10000728        0x4 ./freertos/src/tasks.o
 .bss.uxSchedulerSuspended
                0x1000072c        0x4 ./freertos/src/tasks.o
 .bss           0x10000730       0x1c c:/nxp/lpcxpresso_7.9.2_493/lpcxpresso/tools/bin/../lib/gcc/arm-none-eabi/4.9.3/armv6-m\crtbegin.o
 *(COMMON)
 COMMON         0x1000074c        0x4 C:\Users\jdubovsky\Documents\LPCXpresso_7.9.2_493\workspace\lpc_chip_11cxx_lib\Debug\liblpc_chip_11cxx_lib.a(chip_11xx.o)
                0x1000074c                SystemCoreClock
                0x10000750                . = ALIGN (0x4)
                0x10000750                _ebss = .
                0x10000750                PROVIDE (end, .)

.noinit         0x10000750        0x0 load address 0x00002388
                0x10000750                _noinit = .
 *(.noinit*)
                0x10000750                . = ALIGN (0x4)
                0x10000750                _end_noinit = .
                0x10000750                PROVIDE (_pvHeapStart, DEFINED (__user_heap_base)?__user_heap_base:.)
                0x10002000                PROVIDE (_vStackTop, DEFINED (__user_stack_top)?__user_stack_top:(__top_RamLoc8 - 0x0))
                0xefffdb0d                PROVIDE (__valid_user_code_checksum, (0x0 - (((_vStackTop + (ResetISR + 0x1)) + (DEFINED (NMI_Handler)?NMI_Handler:M0_NMI_Handler + 0x1)) + (DEFINED (HardFault_Handler)?HardFault_Handler:M0_HardFault_Handler + 0x1))))
OUTPUT(intervalometer-lpc1114-x.axf elf32-littlearm)

.debug_info     0x00000000     0x9e51
 .debug_info    0x00000000      0x85f ./src/adc.o
 .debug_info    0x0000085f      0x809 ./src/avalon_time.o
 .debug_info    0x00001068      0x9d3 ./src/camera.o
 .debug_info    0x00001a3b      0x224 ./src/cr_startup_lpc11xx.o
 .debug_info    0x00001c5f       0x3f ./src/crp.o
 .debug_info    0x00001c9e      0xd60 ./src/eeprom.o
 .debug_info    0x000029fe      0xdbd ./src/logger.o
 .debug_info    0x000037bb      0x3ef ./src/main.o
 .debug_info    0x00003baa       0xc3 ./src/sysinit.o
 .debug_info    0x00003c6d      0x183 ./freertos/src/FreeRTOSCommonHooks.o
 .debug_info    0x00003df0      0x1af ./freertos/src/heap_1.o
 .debug_info    0x00003f9f      0x2c3 ./freertos/src/list.o
 .debug_info    0x00004262      0x275 ./freertos/src/port.o
 .debug_info    0x000044d7      0xc14 ./freertos/src/queue.o
 .debug_info    0x000050eb     0x1562 ./freertos/src/tasks.o
 .debug_info    0x0000664d      0x810 C:\Users\jdubovsky\Documents\LPCXpresso_7.9.2_493\workspace\nxp_lpcxpresso_11c24_board_lib\Debug\libnxp_lpcxpresso_11c24_board_lib.a(board.o)
 .debug_info    0x00006e5d      0xa0d C:\Users\jdubovsky\Documents\LPCXpresso_7.9.2_493\workspace\nxp_lpcxpresso_11c24_board_lib\Debug\libnxp_lpcxpresso_11c24_board_lib.a(board_sysinit.o)
 .debug_info    0x0000786a      0xc03 C:\Users\jdubovsky\Documents\LPCXpresso_7.9.2_493\workspace\lpc_chip_11cxx_lib\Debug\liblpc_chip_11cxx_lib.a(adc_11xx.o)
 .debug_info    0x0000846d       0xc2 C:\Users\jdubovsky\Documents\LPCXpresso_7.9.2_493\workspace\lpc_chip_11cxx_lib\Debug\liblpc_chip_11cxx_lib.a(chip_11xx.o)
 .debug_info    0x0000852f      0x86f C:\Users\jdubovsky\Documents\LPCXpresso_7.9.2_493\workspace\lpc_chip_11cxx_lib\Debug\liblpc_chip_11cxx_lib.a(clock_11xx.o)
 .debug_info    0x00008d9e      0xb30 C:\Users\jdubovsky\Documents\LPCXpresso_7.9.2_493\workspace\lpc_chip_11cxx_lib\Debug\liblpc_chip_11cxx_lib.a(gpio_11xx_2.o)
 .debug_info    0x000098ce      0x583 C:\Users\jdubovsky\Documents\LPCXpresso_7.9.2_493\workspace\lpc_chip_11cxx_lib\Debug\liblpc_chip_11cxx_lib.a(sysctl_11xx.o)

.debug_abbrev   0x00000000     0x2302
 .debug_abbrev  0x00000000      0x1b6 ./src/adc.o
 .debug_abbrev  0x000001b6      0x1f4 ./src/avalon_time.o
 .debug_abbrev  0x000003aa      0x375 ./src/camera.o
 .debug_abbrev  0x0000071f       0xe9 ./src/cr_startup_lpc11xx.o
 .debug_abbrev  0x00000808       0x36 ./src/crp.o
 .debug_abbrev  0x0000083e      0x35a ./src/eeprom.o
 .debug_abbrev  0x00000b98      0x2f5 ./src/logger.o
 .debug_abbrev  0x00000e8d       0xcf ./src/main.o
 .debug_abbrev  0x00000f5c       0x6a ./src/sysinit.o
 .debug_abbrev  0x00000fc6       0xf9 ./freertos/src/FreeRTOSCommonHooks.o
 .debug_abbrev  0x000010bf      0x123 ./freertos/src/heap_1.o
 .debug_abbrev  0x000011e2       0xd4 ./freertos/src/list.o
 .debug_abbrev  0x000012b6      0x19f ./freertos/src/port.o
 .debug_abbrev  0x00001455      0x1a3 ./freertos/src/queue.o
 .debug_abbrev  0x000015f8      0x24b ./freertos/src/tasks.o
 .debug_abbrev  0x00001843      0x24a C:\Users\jdubovsky\Documents\LPCXpresso_7.9.2_493\workspace\nxp_lpcxpresso_11c24_board_lib\Debug\libnxp_lpcxpresso_11c24_board_lib.a(board.o)
 .debug_abbrev  0x00001a8d      0x1e3 C:\Users\jdubovsky\Documents\LPCXpresso_7.9.2_493\workspace\nxp_lpcxpresso_11c24_board_lib\Debug\libnxp_lpcxpresso_11c24_board_lib.a(board_sysinit.o)
 .debug_abbrev  0x00001c70      0x1e8 C:\Users\jdubovsky\Documents\LPCXpresso_7.9.2_493\workspace\lpc_chip_11cxx_lib\Debug\liblpc_chip_11cxx_lib.a(adc_11xx.o)
 .debug_abbrev  0x00001e58       0x7b C:\Users\jdubovsky\Documents\LPCXpresso_7.9.2_493\workspace\lpc_chip_11cxx_lib\Debug\liblpc_chip_11cxx_lib.a(chip_11xx.o)
 .debug_abbrev  0x00001ed3      0x1bc C:\Users\jdubovsky\Documents\LPCXpresso_7.9.2_493\workspace\lpc_chip_11cxx_lib\Debug\liblpc_chip_11cxx_lib.a(clock_11xx.o)
 .debug_abbrev  0x0000208f      0x1a5 C:\Users\jdubovsky\Documents\LPCXpresso_7.9.2_493\workspace\lpc_chip_11cxx_lib\Debug\liblpc_chip_11cxx_lib.a(gpio_11xx_2.o)
 .debug_abbrev  0x00002234       0xce C:\Users\jdubovsky\Documents\LPCXpresso_7.9.2_493\workspace\lpc_chip_11cxx_lib\Debug\liblpc_chip_11cxx_lib.a(sysctl_11xx.o)

.debug_aranges  0x00000000      0x9a8
 .debug_aranges
                0x00000000       0x40 ./src/adc.o
 .debug_aranges
                0x00000040       0x38 ./src/avalon_time.o
 .debug_aranges
                0x00000078       0x90 ./src/camera.o
 .debug_aranges
                0x00000108       0x60 ./src/cr_startup_lpc11xx.o
 .debug_aranges
                0x00000168       0x18 ./src/crp.o
 .debug_aranges
                0x00000180       0x60 ./src/eeprom.o
 .debug_aranges
                0x000001e0       0x58 ./src/logger.o
 .debug_aranges
                0x00000238       0x28 ./src/main.o
 .debug_aranges
                0x00000260       0x20 ./src/sysinit.o
 .debug_aranges
                0x00000280       0x40 ./freertos/src/FreeRTOSCommonHooks.o
 .debug_aranges
                0x000002c0       0x38 ./freertos/src/heap_1.o
 .debug_aranges
                0x000002f8       0x40 ./freertos/src/list.o
 .debug_aranges
                0x00000338       0x88 ./freertos/src/port.o
 .debug_aranges
                0x000003c0       0xf8 ./freertos/src/queue.o
 .debug_aranges
                0x000004b8      0x1b0 ./freertos/src/tasks.o
 .debug_aranges
                0x00000668       0xb0 C:\Users\jdubovsky\Documents\LPCXpresso_7.9.2_493\workspace\nxp_lpcxpresso_11c24_board_lib\Debug\libnxp_lpcxpresso_11c24_board_lib.a(board.o)
 .debug_aranges
                0x00000718       0x60 C:\Users\jdubovsky\Documents\LPCXpresso_7.9.2_493\workspace\nxp_lpcxpresso_11c24_board_lib\Debug\libnxp_lpcxpresso_11c24_board_lib.a(board_sysinit.o)
 .debug_aranges
                0x00000778       0xa0 C:\Users\jdubovsky\Documents\LPCXpresso_7.9.2_493\workspace\lpc_chip_11cxx_lib\Debug\liblpc_chip_11cxx_lib.a(adc_11xx.o)
 .debug_aranges
                0x00000818       0x20 C:\Users\jdubovsky\Documents\LPCXpresso_7.9.2_493\workspace\lpc_chip_11cxx_lib\Debug\liblpc_chip_11cxx_lib.a(chip_11xx.o)
 .debug_aranges
                0x00000838       0x88 C:\Users\jdubovsky\Documents\LPCXpresso_7.9.2_493\workspace\lpc_chip_11cxx_lib\Debug\liblpc_chip_11cxx_lib.a(clock_11xx.o)
 .debug_aranges
                0x000008c0       0xb0 C:\Users\jdubovsky\Documents\LPCXpresso_7.9.2_493\workspace\lpc_chip_11cxx_lib\Debug\liblpc_chip_11cxx_lib.a(gpio_11xx_2.o)
 .debug_aranges
                0x00000970       0x38 C:\Users\jdubovsky\Documents\LPCXpresso_7.9.2_493\workspace\lpc_chip_11cxx_lib\Debug\liblpc_chip_11cxx_lib.a(sysctl_11xx.o)

.debug_ranges   0x00000000      0x840
 .debug_ranges  0x00000000       0x30 ./src/adc.o
 .debug_ranges  0x00000030       0x28 ./src/avalon_time.o
 .debug_ranges  0x00000058       0x80 ./src/camera.o
 .debug_ranges  0x000000d8       0x50 ./src/cr_startup_lpc11xx.o
 .debug_ranges  0x00000128       0x50 ./src/eeprom.o
 .debug_ranges  0x00000178       0x48 ./src/logger.o
 .debug_ranges  0x000001c0       0x18 ./src/main.o
 .debug_ranges  0x000001d8       0x10 ./src/sysinit.o
 .debug_ranges  0x000001e8       0x30 ./freertos/src/FreeRTOSCommonHooks.o
 .debug_ranges  0x00000218       0x28 ./freertos/src/heap_1.o
 .debug_ranges  0x00000240       0x30 ./freertos/src/list.o
 .debug_ranges  0x00000270       0x78 ./freertos/src/port.o
 .debug_ranges  0x000002e8       0xe8 ./freertos/src/queue.o
 .debug_ranges  0x000003d0      0x1a0 ./freertos/src/tasks.o
 .debug_ranges  0x00000570       0xa0 C:\Users\jdubovsky\Documents\LPCXpresso_7.9.2_493\workspace\nxp_lpcxpresso_11c24_board_lib\Debug\libnxp_lpcxpresso_11c24_board_lib.a(board.o)
 .debug_ranges  0x00000610       0x50 C:\Users\jdubovsky\Documents\LPCXpresso_7.9.2_493\workspace\nxp_lpcxpresso_11c24_board_lib\Debug\libnxp_lpcxpresso_11c24_board_lib.a(board_sysinit.o)
 .debug_ranges  0x00000660       0x90 C:\Users\jdubovsky\Documents\LPCXpresso_7.9.2_493\workspace\lpc_chip_11cxx_lib\Debug\liblpc_chip_11cxx_lib.a(adc_11xx.o)
 .debug_ranges  0x000006f0       0x10 C:\Users\jdubovsky\Documents\LPCXpresso_7.9.2_493\workspace\lpc_chip_11cxx_lib\Debug\liblpc_chip_11cxx_lib.a(chip_11xx.o)
 .debug_ranges  0x00000700       0x78 C:\Users\jdubovsky\Documents\LPCXpresso_7.9.2_493\workspace\lpc_chip_11cxx_lib\Debug\liblpc_chip_11cxx_lib.a(clock_11xx.o)
 .debug_ranges  0x00000778       0xa0 C:\Users\jdubovsky\Documents\LPCXpresso_7.9.2_493\workspace\lpc_chip_11cxx_lib\Debug\liblpc_chip_11cxx_lib.a(gpio_11xx_2.o)
 .debug_ranges  0x00000818       0x28 C:\Users\jdubovsky\Documents\LPCXpresso_7.9.2_493\workspace\lpc_chip_11cxx_lib\Debug\liblpc_chip_11cxx_lib.a(sysctl_11xx.o)

.debug_macro    0x00000000     0x89a6
 .debug_macro   0x00000000      0x2d7 ./src/adc.o
 .debug_macro   0x000002d7      0x8b6 ./src/adc.o
 .debug_macro   0x00000b8d       0x1c ./src/adc.o
 .debug_macro   0x00000ba9       0x22 ./src/adc.o
 .debug_macro   0x00000bcb       0x44 ./src/adc.o
 .debug_macro   0x00000c0f       0x58 ./src/adc.o
 .debug_macro   0x00000c67       0x22 ./src/adc.o
 .debug_macro   0x00000c89      0x1df ./src/adc.o
 .debug_macro   0x00000e68       0x28 ./src/adc.o
 .debug_macro   0x00000e90       0x7b ./src/adc.o
 .debug_macro   0x00000f0b       0x10 ./src/adc.o
 .debug_macro   0x00000f1b       0x1f ./src/adc.o
 .debug_macro   0x00000f3a       0x3a ./src/adc.o
 .debug_macro   0x00000f74      0x241 ./src/adc.o
 .debug_macro   0x000011b5      0x117 ./src/adc.o
 .debug_macro   0x000012cc       0x22 ./src/adc.o
 .debug_macro   0x000012ee       0xb2 ./src/adc.o
 .debug_macro   0x000013a0       0x10 ./src/adc.o
 .debug_macro   0x000013b0      0x137 ./src/adc.o
 .debug_macro   0x000014e7       0x4c ./src/adc.o
 .debug_macro   0x00001533       0x16 ./src/adc.o
 .debug_macro   0x00001549      0x31a ./src/adc.o
 .debug_macro   0x00001863       0x2e ./src/adc.o
 .debug_macro   0x00001891       0xb8 ./src/adc.o
 .debug_macro   0x00001949       0x11 ./src/adc.o
 .debug_macro   0x0000195a       0x7c ./src/adc.o
 .debug_macro   0x000019d6      0x21c ./src/adc.o
 .debug_macro   0x00001bf2      0x113 ./src/adc.o
 .debug_macro   0x00001d05       0x10 ./src/adc.o
 .debug_macro   0x00001d15       0x58 ./src/adc.o
 .debug_macro   0x00001d6d       0x35 ./src/adc.o
 .debug_macro   0x00001da2       0x9c ./src/adc.o
 .debug_macro   0x00001e3e       0x16 ./src/adc.o
 .debug_macro   0x00001e54       0x97 ./src/adc.o
 .debug_macro   0x00001eeb      0x2a4 ./src/adc.o
 .debug_macro   0x0000218f       0xfd ./src/adc.o
 .debug_macro   0x0000228c       0x10 ./src/adc.o
 .debug_macro   0x0000229c       0x52 ./src/adc.o
 .debug_macro   0x000022ee       0x16 ./src/adc.o
 .debug_macro   0x00002304       0x43 ./src/adc.o
 .debug_macro   0x00002347      0x180 ./src/adc.o
 .debug_macro   0x000024c7       0x10 ./src/adc.o
 .debug_macro   0x000024d7       0x22 ./src/adc.o
 .debug_macro   0x000024f9       0xbe ./src/adc.o
 .debug_macro   0x000025b7       0x16 ./src/adc.o
 .debug_macro   0x000025cd      0x166 ./src/adc.o
 .debug_macro   0x00002733       0x20 ./src/adc.o
 .debug_macro   0x00002753      0x11b ./src/adc.o
 .debug_macro   0x0000286e      0x15d ./src/adc.o
 .debug_macro   0x000029cb       0xaf ./src/adc.o
 .debug_macro   0x00002a7a       0x10 ./src/adc.o
 .debug_macro   0x00002a8a       0x1f ./src/adc.o
 .debug_macro   0x00002aa9      0x3d1 ./src/adc.o
 .debug_macro   0x00002e7a       0xc0 ./src/adc.o
 .debug_macro   0x00002f3a       0x9a ./src/adc.o
 .debug_macro   0x00002fd4      0x30f ./src/avalon_time.o
 .debug_macro   0x000032e3      0x174 ./src/avalon_time.o
 .debug_macro   0x00003457       0x74 ./src/avalon_time.o
 .debug_macro   0x000034cb       0x35 ./src/avalon_time.o
 .debug_macro   0x00003500      0x115 ./src/avalon_time.o
 .debug_macro   0x00003615       0xef ./src/avalon_time.o
 .debug_macro   0x00003704      0x330 ./src/avalon_time.o
 .debug_macro   0x00003a34      0x2e1 ./src/camera.o
 .debug_macro   0x00003d15       0x1d ./src/cr_startup_lpc11xx.o
 .debug_macro   0x00003d32       0x1a ./src/crp.o
 .debug_macro   0x00003d4c      0x856 ./src/crp.o
 .debug_macro   0x000045a2       0x34 ./src/crp.o
 .debug_macro   0x000045d6      0x358 ./src/eeprom.o
 .debug_macro   0x0000492e       0xb0 ./src/eeprom.o
 .debug_macro   0x000049de       0x7f ./src/eeprom.o
 .debug_macro   0x00004a5d       0x22 ./src/eeprom.o
 .debug_macro   0x00004a7f      0x374 ./src/logger.o
 .debug_macro   0x00004df3       0xac ./src/logger.o
 .debug_macro   0x00004e9f      0x331 ./src/main.o
 .debug_macro   0x000051d0      0x263 ./src/sysinit.o
 .debug_macro   0x00005433       0x22 ./src/sysinit.o
 .debug_macro   0x00005455      0x241 ./src/sysinit.o
 .debug_macro   0x00005696       0x9c ./src/sysinit.o
 .debug_macro   0x00005732       0x97 ./src/sysinit.o
 .debug_macro   0x000057c9      0x27a ./src/sysinit.o
 .debug_macro   0x00005a43       0xf6 ./src/sysinit.o
 .debug_macro   0x00005b39       0x43 ./src/sysinit.o
 .debug_macro   0x00005b7c      0x2dc ./freertos/src/FreeRTOSCommonHooks.o
 .debug_macro   0x00005e58      0x16d ./freertos/src/FreeRTOSCommonHooks.o
 .debug_macro   0x00005fc5       0x35 ./freertos/src/FreeRTOSCommonHooks.o
 .debug_macro   0x00005ffa      0x303 ./freertos/src/heap_1.o
 .debug_macro   0x000062fd      0x2e2 ./freertos/src/list.o
 .debug_macro   0x000065df      0x320 ./freertos/src/port.o
 .debug_macro   0x000068ff      0x354 ./freertos/src/queue.o
 .debug_macro   0x00006c53       0x16 ./freertos/src/queue.o
 .debug_macro   0x00006c69      0x397 ./freertos/src/tasks.o
 .debug_macro   0x00007000       0x10 ./freertos/src/tasks.o
 .debug_macro   0x00007010      0x18a C:\Users\jdubovsky\Documents\LPCXpresso_7.9.2_493\workspace\nxp_lpcxpresso_11c24_board_lib\Debug\libnxp_lpcxpresso_11c24_board_lib.a(board.o)
 .debug_macro   0x0000719a      0x832 C:\Users\jdubovsky\Documents\LPCXpresso_7.9.2_493\workspace\nxp_lpcxpresso_11c24_board_lib\Debug\libnxp_lpcxpresso_11c24_board_lib.a(board.o)
 .debug_macro   0x000079cc       0x10 C:\Users\jdubovsky\Documents\LPCXpresso_7.9.2_493\workspace\nxp_lpcxpresso_11c24_board_lib\Debug\libnxp_lpcxpresso_11c24_board_lib.a(board.o)
 .debug_macro   0x000079dc      0x12d C:\Users\jdubovsky\Documents\LPCXpresso_7.9.2_493\workspace\nxp_lpcxpresso_11c24_board_lib\Debug\libnxp_lpcxpresso_11c24_board_lib.a(board.o)
 .debug_macro   0x00007b09      0x5b2 C:\Users\jdubovsky\Documents\LPCXpresso_7.9.2_493\workspace\nxp_lpcxpresso_11c24_board_lib\Debug\libnxp_lpcxpresso_11c24_board_lib.a(board.o)
 .debug_macro   0x000080bb       0x22 C:\Users\jdubovsky\Documents\LPCXpresso_7.9.2_493\workspace\nxp_lpcxpresso_11c24_board_lib\Debug\libnxp_lpcxpresso_11c24_board_lib.a(board.o)
 .debug_macro   0x000080dd       0x9a C:\Users\jdubovsky\Documents\LPCXpresso_7.9.2_493\workspace\nxp_lpcxpresso_11c24_board_lib\Debug\libnxp_lpcxpresso_11c24_board_lib.a(board.o)
 .debug_macro   0x00008177       0x12 C:\Users\jdubovsky\Documents\LPCXpresso_7.9.2_493\workspace\nxp_lpcxpresso_11c24_board_lib\Debug\libnxp_lpcxpresso_11c24_board_lib.a(board.o)
 .debug_macro   0x00008189      0x18b C:\Users\jdubovsky\Documents\LPCXpresso_7.9.2_493\workspace\nxp_lpcxpresso_11c24_board_lib\Debug\libnxp_lpcxpresso_11c24_board_lib.a(board_sysinit.o)
 .debug_macro   0x00008314      0x148 C:\Users\jdubovsky\Documents\LPCXpresso_7.9.2_493\workspace\lpc_chip_11cxx_lib\Debug\liblpc_chip_11cxx_lib.a(adc_11xx.o)
 .debug_macro   0x0000845c      0x148 C:\Users\jdubovsky\Documents\LPCXpresso_7.9.2_493\workspace\lpc_chip_11cxx_lib\Debug\liblpc_chip_11cxx_lib.a(chip_11xx.o)
 .debug_macro   0x000085a4      0x148 C:\Users\jdubovsky\Documents\LPCXpresso_7.9.2_493\workspace\lpc_chip_11cxx_lib\Debug\liblpc_chip_11cxx_lib.a(clock_11xx.o)
 .debug_macro   0x000086ec      0x148 C:\Users\jdubovsky\Documents\LPCXpresso_7.9.2_493\workspace\lpc_chip_11cxx_lib\Debug\liblpc_chip_11cxx_lib.a(gpio_11xx_2.o)
 .debug_macro   0x00008834      0x172 C:\Users\jdubovsky\Documents\LPCXpresso_7.9.2_493\workspace\lpc_chip_11cxx_lib\Debug\liblpc_chip_11cxx_lib.a(sysctl_11xx.o)

.debug_line     0x00000000     0x8402
 .debug_line    0x00000000      0x662 ./src/adc.o
 .debug_line    0x00000662      0x740 ./src/avalon_time.o
 .debug_line    0x00000da2      0x744 ./src/camera.o
 .debug_line    0x000014e6       0xb9 ./src/cr_startup_lpc11xx.o
 .debug_line    0x0000159f       0x7d ./src/crp.o
 .debug_line    0x0000161c      0x82c ./src/eeprom.o
 .debug_line    0x00001e48      0x80d ./src/logger.o
 .debug_line    0x00002655      0x73f ./src/main.o
 .debug_line    0x00002d94      0x4a9 ./src/sysinit.o
 .debug_line    0x0000323d      0x67b ./freertos/src/FreeRTOSCommonHooks.o
 .debug_line    0x000038b8      0x667 ./freertos/src/heap_1.o
 .debug_line    0x00003f1f      0x67c ./freertos/src/list.o
 .debug_line    0x0000459b      0x719 ./freertos/src/port.o
 .debug_line    0x00004cb4      0xbac ./freertos/src/queue.o
 .debug_line    0x00005860     0x1033 ./freertos/src/tasks.o
 .debug_line    0x00006893      0x4d5 C:\Users\jdubovsky\Documents\LPCXpresso_7.9.2_493\workspace\nxp_lpcxpresso_11c24_board_lib\Debug\libnxp_lpcxpresso_11c24_board_lib.a(board.o)
 .debug_line    0x00006d68      0x438 C:\Users\jdubovsky\Documents\LPCXpresso_7.9.2_493\workspace\nxp_lpcxpresso_11c24_board_lib\Debug\libnxp_lpcxpresso_11c24_board_lib.a(board_sysinit.o)
 .debug_line    0x000071a0      0x448 C:\Users\jdubovsky\Documents\LPCXpresso_7.9.2_493\workspace\lpc_chip_11cxx_lib\Debug\liblpc_chip_11cxx_lib.a(adc_11xx.o)
 .debug_line    0x000075e8      0x2cb C:\Users\jdubovsky\Documents\LPCXpresso_7.9.2_493\workspace\lpc_chip_11cxx_lib\Debug\liblpc_chip_11cxx_lib.a(chip_11xx.o)
 .debug_line    0x000078b3      0x3f6 C:\Users\jdubovsky\Documents\LPCXpresso_7.9.2_493\workspace\lpc_chip_11cxx_lib\Debug\liblpc_chip_11cxx_lib.a(clock_11xx.o)
 .debug_line    0x00007ca9      0x451 C:\Users\jdubovsky\Documents\LPCXpresso_7.9.2_493\workspace\lpc_chip_11cxx_lib\Debug\liblpc_chip_11cxx_lib.a(gpio_11xx_2.o)
 .debug_line    0x000080fa      0x308 C:\Users\jdubovsky\Documents\LPCXpresso_7.9.2_493\workspace\lpc_chip_11cxx_lib\Debug\liblpc_chip_11cxx_lib.a(sysctl_11xx.o)

.debug_str      0x00000000    0x169ab
 .debug_str     0x00000000     0xe366 ./src/adc.o
                               0xe65d (size before relaxing)
 .debug_str     0x0000e366     0x1242 ./src/avalon_time.o
                               0xf40b (size before relaxing)
 .debug_str     0x0000f5a8      0x3f5 ./src/camera.o
                               0xe524 (size before relaxing)
 .debug_str     0x0000f99d      0x16d ./src/cr_startup_lpc11xx.o
                               0x273e (size before relaxing)
 .debug_str     0x0000fb0a      0x2a2 ./src/crp.o
                               0x24d1 (size before relaxing)
 .debug_str     0x0000fdac     0x1509 ./src/eeprom.o
                              0x10a0f (size before relaxing)
 .debug_str     0x000112b5      0x2e2 ./src/logger.o
                               0xf814 (size before relaxing)
 .debug_str     0x00011597       0x42 ./src/main.o
                               0xec57 (size before relaxing)
 .debug_str     0x000115d9       0xe0 ./src/sysinit.o
                               0xa0fd (size before relaxing)
 .debug_str     0x000116b9       0xd6 ./freertos/src/FreeRTOSCommonHooks.o
                               0xd711 (size before relaxing)
 .debug_str     0x0001178f      0x125 ./freertos/src/heap_1.o
                               0xd814 (size before relaxing)
 .debug_str     0x000118b4      0x12d ./freertos/src/list.o
                               0xd0b1 (size before relaxing)
 .debug_str     0x000119e1      0x388 ./freertos/src/port.o
                               0xda25 (size before relaxing)
 .debug_str     0x00011d69      0x6e6 ./freertos/src/queue.o
                               0xe942 (size before relaxing)
 .debug_str     0x0001244f     0x18e0 ./freertos/src/tasks.o
                               0xf273 (size before relaxing)
 .debug_str     0x00013d2f     0x1c14 C:\Users\jdubovsky\Documents\LPCXpresso_7.9.2_493\workspace\nxp_lpcxpresso_11c24_board_lib\Debug\libnxp_lpcxpresso_11c24_board_lib.a(board.o)
                               0x849d (size before relaxing)
 .debug_str     0x00015943      0x63e C:\Users\jdubovsky\Documents\LPCXpresso_7.9.2_493\workspace\nxp_lpcxpresso_11c24_board_lib\Debug\libnxp_lpcxpresso_11c24_board_lib.a(board_sysinit.o)
                               0x8936 (size before relaxing)
 .debug_str     0x00015f81      0x28b C:\Users\jdubovsky\Documents\LPCXpresso_7.9.2_493\workspace\lpc_chip_11cxx_lib\Debug\liblpc_chip_11cxx_lib.a(adc_11xx.o)
                               0x85c8 (size before relaxing)
 .debug_str     0x0001620c       0x29 C:\Users\jdubovsky\Documents\LPCXpresso_7.9.2_493\workspace\lpc_chip_11cxx_lib\Debug\liblpc_chip_11cxx_lib.a(chip_11xx.o)
                               0x7d35 (size before relaxing)
 .debug_str     0x00016235      0x3b8 C:\Users\jdubovsky\Documents\LPCXpresso_7.9.2_493\workspace\lpc_chip_11cxx_lib\Debug\liblpc_chip_11cxx_lib.a(clock_11xx.o)
                               0x84f9 (size before relaxing)
 .debug_str     0x000165ed      0x21f C:\Users\jdubovsky\Documents\LPCXpresso_7.9.2_493\workspace\lpc_chip_11cxx_lib\Debug\liblpc_chip_11cxx_lib.a(gpio_11xx_2.o)
                               0x83d7 (size before relaxing)
 .debug_str     0x0001680c      0x19f C:\Users\jdubovsky\Documents\LPCXpresso_7.9.2_493\workspace\lpc_chip_11cxx_lib\Debug\liblpc_chip_11cxx_lib.a(sysctl_11xx.o)
                               0x8143 (size before relaxing)

.comment        0x00000000       0x70
 .comment       0x00000000       0x70 ./src/adc.o
                                 0x71 (size before relaxing)
 .comment       0x00000000       0x71 ./src/avalon_time.o
 .comment       0x00000000       0x71 ./src/camera.o
 .comment       0x00000000       0x71 ./src/cr_startup_lpc11xx.o
 .comment       0x00000000       0x71 ./src/crp.o
 .comment       0x00000000       0x71 ./src/eeprom.o
 .comment       0x00000000       0x71 ./src/logger.o
 .comment       0x00000000       0x71 ./src/main.o
 .comment       0x00000000       0x71 ./src/sysinit.o
 .comment       0x00000000       0x71 ./freertos/src/FreeRTOSCommonHooks.o
 .comment       0x00000000       0x71 ./freertos/src/heap_1.o
 .comment       0x00000000       0x71 ./freertos/src/list.o
 .comment       0x00000000       0x71 ./freertos/src/port.o
 .comment       0x00000000       0x71 ./freertos/src/queue.o
 .comment       0x00000000       0x71 ./freertos/src/tasks.o
 .comment       0x00000000       0x71 C:\Users\jdubovsky\Documents\LPCXpresso_7.9.2_493\workspace\nxp_lpcxpresso_11c24_board_lib\Debug\libnxp_lpcxpresso_11c24_board_lib.a(board.o)
 .comment       0x00000000       0x71 C:\Users\jdubovsky\Documents\LPCXpresso_7.9.2_493\workspace\nxp_lpcxpresso_11c24_board_lib\Debug\libnxp_lpcxpresso_11c24_board_lib.a(board_sysinit.o)
 .comment       0x00000000       0x71 C:\Users\jdubovsky\Documents\LPCXpresso_7.9.2_493\workspace\lpc_chip_11cxx_lib\Debug\liblpc_chip_11cxx_lib.a(adc_11xx.o)
 .comment       0x00000000       0x71 C:\Users\jdubovsky\Documents\LPCXpresso_7.9.2_493\workspace\lpc_chip_11cxx_lib\Debug\liblpc_chip_11cxx_lib.a(chip_11xx.o)
 .comment       0x00000000       0x71 C:\Users\jdubovsky\Documents\LPCXpresso_7.9.2_493\workspace\lpc_chip_11cxx_lib\Debug\liblpc_chip_11cxx_lib.a(clock_11xx.o)
 .comment       0x00000000       0x71 C:\Users\jdubovsky\Documents\LPCXpresso_7.9.2_493\workspace\lpc_chip_11cxx_lib\Debug\liblpc_chip_11cxx_lib.a(gpio_11xx_2.o)
 .comment       0x00000000       0x71 C:\Users\jdubovsky\Documents\LPCXpresso_7.9.2_493\workspace\lpc_chip_11cxx_lib\Debug\liblpc_chip_11cxx_lib.a(sysctl_11xx.o)

.ARM.attributes
                0x00000000       0x31
 .ARM.attributes
                0x00000000       0x31 ./src/adc.o
 .ARM.attributes
                0x00000031       0x31 ./src/avalon_time.o
 .ARM.attributes
                0x00000062       0x31 ./src/camera.o
 .ARM.attributes
                0x00000093       0x31 ./src/cr_startup_lpc11xx.o
 .ARM.attributes
                0x000000c4       0x31 ./src/crp.o
 .ARM.attributes
                0x000000f5       0x31 ./src/eeprom.o
 .ARM.attributes
                0x00000126       0x31 ./src/logger.o
 .ARM.attributes
                0x00000157       0x31 ./src/main.o
 .ARM.attributes
                0x00000188       0x31 ./src/sysinit.o
 .ARM.attributes
                0x000001b9       0x31 ./freertos/src/FreeRTOSCommonHooks.o
 .ARM.attributes
                0x000001ea       0x31 ./freertos/src/heap_1.o
 .ARM.attributes
                0x0000021b       0x31 ./freertos/src/list.o
 .ARM.attributes
                0x0000024c       0x31 ./freertos/src/port.o
 .ARM.attributes
                0x0000027d       0x31 ./freertos/src/queue.o
 .ARM.attributes
                0x000002ae       0x31 ./freertos/src/tasks.o
 .ARM.attributes
                0x000002df       0x31 C:\Users\jdubovsky\Documents\LPCXpresso_7.9.2_493\workspace\nxp_lpcxpresso_11c24_board_lib\Debug\libnxp_lpcxpresso_11c24_board_lib.a(board.o)
 .ARM.attributes
                0x00000310       0x31 C:\Users\jdubovsky\Documents\LPCXpresso_7.9.2_493\workspace\nxp_lpcxpresso_11c24_board_lib\Debug\libnxp_lpcxpresso_11c24_board_lib.a(board_sysinit.o)
 .ARM.attributes
                0x00000341       0x31 C:\Users\jdubovsky\Documents\LPCXpresso_7.9.2_493\workspace\lpc_chip_11cxx_lib\Debug\liblpc_chip_11cxx_lib.a(adc_11xx.o)
 .ARM.attributes
                0x00000372       0x31 C:\Users\jdubovsky\Documents\LPCXpresso_7.9.2_493\workspace\lpc_chip_11cxx_lib\Debug\liblpc_chip_11cxx_lib.a(chip_11xx.o)
 .ARM.attributes
                0x000003a3       0x31 C:\Users\jdubovsky\Documents\LPCXpresso_7.9.2_493\workspace\lpc_chip_11cxx_lib\Debug\liblpc_chip_11cxx_lib.a(clock_11xx.o)
 .ARM.attributes
                0x000003d4       0x31 C:\Users\jdubovsky\Documents\LPCXpresso_7.9.2_493\workspace\lpc_chip_11cxx_lib\Debug\liblpc_chip_11cxx_lib.a(gpio_11xx_2.o)
 .ARM.attributes
                0x00000405       0x31 C:\Users\jdubovsky\Documents\LPCXpresso_7.9.2_493\workspace\lpc_chip_11cxx_lib\Debug\liblpc_chip_11cxx_lib.a(sysctl_11xx.o)
 .ARM.attributes
                0x00000436       0x1e c:/nxp/lpcxpresso_7.9.2_493/lpcxpresso/tools/bin/../lib/gcc/arm-none-eabi/4.9.3/armv6-m\libgcc.a(_udivsi3.o)
 .ARM.attributes
                0x00000454       0x1e c:/nxp/lpcxpresso_7.9.2_493/lpcxpresso/tools/bin/../lib/gcc/arm-none-eabi/4.9.3/armv6-m\libgcc.a(_dvmd_tls.o)
 .ARM.attributes
                0x00000472       0x2c c:/nxp/lpcxpresso_7.9.2_493/lpcxpresso/tools/bin/../lib/gcc/arm-none-eabi/4.9.3/../../../../arm-none-eabi/lib/armv6-m\libc.a(lib_a-init.o)
 .ARM.attributes
                0x0000049e       0x2c c:/nxp/lpcxpresso_7.9.2_493/lpcxpresso/tools/bin/../lib/gcc/arm-none-eabi/4.9.3/../../../../arm-none-eabi/lib/armv6-m\libc.a(lib_a-memset.o)
 .ARM.attributes
                0x000004ca       0x1e c:/nxp/lpcxpresso_7.9.2_493/lpcxpresso/tools/bin/../lib/gcc/arm-none-eabi/4.9.3/armv6-m\crti.o
 .ARM.attributes
                0x000004e8       0x1e c:/nxp/lpcxpresso_7.9.2_493/lpcxpresso/tools/bin/../lib/gcc/arm-none-eabi/4.9.3/armv6-m\crtn.o
 .ARM.attributes
                0x00000506       0x2c c:/nxp/lpcxpresso_7.9.2_493/lpcxpresso/tools/bin/../lib/gcc/arm-none-eabi/4.9.3/armv6-m\crtbegin.o

.debug_frame    0x00000000     0x1f30
 .debug_frame   0x00000000       0xac ./src/adc.o
 .debug_frame   0x000000ac       0x88 ./src/avalon_time.o
 .debug_frame   0x00000134      0x1e4 ./src/camera.o
 .debug_frame   0x00000318      0x118 ./src/cr_startup_lpc11xx.o
 .debug_frame   0x00000430      0x128 ./src/eeprom.o
 .debug_frame   0x00000558      0x10c ./src/logger.o
 .debug_frame   0x00000664       0x4c ./src/main.o
 .debug_frame   0x000006b0       0x2c ./src/sysinit.o
 .debug_frame   0x000006dc       0xa4 ./freertos/src/FreeRTOSCommonHooks.o
 .debug_frame   0x00000780       0x88 ./freertos/src/heap_1.o
 .debug_frame   0x00000808       0xb0 ./freertos/src/list.o
 .debug_frame   0x000008b8      0x174 ./freertos/src/port.o
 .debug_frame   0x00000a2c      0x390 ./freertos/src/queue.o
 .debug_frame   0x00000dbc      0x65c ./freertos/src/tasks.o
 .debug_frame   0x00001418      0x260 C:\Users\jdubovsky\Documents\LPCXpresso_7.9.2_493\workspace\nxp_lpcxpresso_11c24_board_lib\Debug\libnxp_lpcxpresso_11c24_board_lib.a(board.o)
 .debug_frame   0x00001678      0x128 C:\Users\jdubovsky\Documents\LPCXpresso_7.9.2_493\workspace\nxp_lpcxpresso_11c24_board_lib\Debug\libnxp_lpcxpresso_11c24_board_lib.a(board_sysinit.o)
 .debug_frame   0x000017a0      0x22c C:\Users\jdubovsky\Documents\LPCXpresso_7.9.2_493\workspace\lpc_chip_11cxx_lib\Debug\liblpc_chip_11cxx_lib.a(adc_11xx.o)
 .debug_frame   0x000019cc       0x2c C:\Users\jdubovsky\Documents\LPCXpresso_7.9.2_493\workspace\lpc_chip_11cxx_lib\Debug\liblpc_chip_11cxx_lib.a(chip_11xx.o)
 .debug_frame   0x000019f8      0x1c0 C:\Users\jdubovsky\Documents\LPCXpresso_7.9.2_493\workspace\lpc_chip_11cxx_lib\Debug\liblpc_chip_11cxx_lib.a(clock_11xx.o)
 .debug_frame   0x00001bb8      0x270 C:\Users\jdubovsky\Documents\LPCXpresso_7.9.2_493\workspace\lpc_chip_11cxx_lib\Debug\liblpc_chip_11cxx_lib.a(gpio_11xx_2.o)
 .debug_frame   0x00001e28       0x90 C:\Users\jdubovsky\Documents\LPCXpresso_7.9.2_493\workspace\lpc_chip_11cxx_lib\Debug\liblpc_chip_11cxx_lib.a(sysctl_11xx.o)
 .debug_frame   0x00001eb8       0x20 c:/nxp/lpcxpresso_7.9.2_493/lpcxpresso/tools/bin/../lib/gcc/arm-none-eabi/4.9.3/armv6-m\libgcc.a(_udivsi3.o)
 .debug_frame   0x00001ed8       0x2c c:/nxp/lpcxpresso_7.9.2_493/lpcxpresso/tools/bin/../lib/gcc/arm-none-eabi/4.9.3/../../../../arm-none-eabi/lib/armv6-m\libc.a(lib_a-init.o)
 .debug_frame   0x00001f04       0x2c c:/nxp/lpcxpresso_7.9.2_493/lpcxpresso/tools/bin/../lib/gcc/arm-none-eabi/4.9.3/../../../../arm-none-eabi/lib/armv6-m\libc.a(lib_a-memset.o)
